// Jest Snapshot v1, https://goo.gl/fbAQLP

exports[`handles values correctly 1`] = `
<View
  style={
    Object {
      "backgroundColor": "#eef8ff",
      "borderColor": "#919191",
      "borderRadius": 2,
      "borderWidth": 1,
      "flex": 1,
      "flexDirection": "row",
      "paddingBottom": 5,
      "paddingHorizontal": 5,
      "paddingTop": 5,
    }
  }
>
  <TextInput
    allowFontScaling={true}
    baseColor="#eef8ff"
    onChangeText={[Function]}
    placeholder="please enter a number"
    textColor="#000"
    underlineColorAndroid="#0000"
    value=""
  />
</View>
`;

exports[`renders correctly 1`] = `
<View
  style={
    Object {
      "backgroundColor": "#eef8ff",
      "borderColor": "#919191",
      "borderRadius": 2,
      "borderWidth": 1,
      "flex": 1,
      "flexDirection": "row",
      "paddingBottom": 5,
      "paddingHorizontal": 5,
      "paddingTop": 5,
    }
  }
>
  <TextInput
    allowFontScaling={true}
    baseColor="#eef8ff"
    onChangeText={[Function]}
    placeholder="please enter a number"
    textColor="#000"
    underlineColorAndroid="#0000"
    value=""
  />
</View>
`;
